<!DOCTYPE html>
<html>
<head>
	<title>Golden Forg</title>
	<link rel="shorcut icon" href="anh/favicon.ico">
	<meta name="viewport" content="width=device-width, initial-scale=1">
	<script type="text/javascript" src="jquery-3.2.1.min.js"></script>
	 <script type="text/javascript" src="golden.js"></script>
    <link href="bootstrap/css/bootstrap.min.css" rel="stylesheet">
    <script src="bootstrap/js/bootstrap.min.js"></script>
    <script type="text/javascript" src="bxslider/jquery.bxslider.js"></script>
    <script type="text/javascript" src="bxslider/jquery.bxslider.min.js"></script>
    <link rel="stylesheet" type="text/css" href="bxslider/jquery.bxslider.css">
     <link rel="stylesheet" type="text/css" href="bxslider/jquery.bxslider.min.css">
    <link rel="stylesheet" type="text/css" href="golden.css">
    <script type="text/javascript" src="golden.js"></script>
</head>
<body>
	<header>
		<div class="container">
			<div class="col-md-9"><p>Chào mừng đến với công ty chúng tôi !</p></div>
			<div>
				<img src="anh/phone.png" alt="phone">
				Gọi chúng tôi <b>0236 3569 569</b>
				<img src="anh/english.png" alt="english">
				</div>
		</div>	
		<div><hr></div>
		<div class="container">
			<div class="col-md-3">
				<img src="anh/logo.png" alt="logo">
			</div>	
			<div class="col-md-9">
				<ul class="nav navbar-nav">
					<li><a href="#">TRANG CHỦ</a></li>
					<li><a href="#">SẢN PHẨM</a></li>
					<li><a href="#">VỀ CHÚNG TÔI</a></li>
					<li><a href="#">TIN TỨC</a></li>
					<li><a href="#">TUYỂN DỤNG</a></li>
					<li><a href="#">LIÊN HỆ</a></li>
				</ul>
			</div>	
		</div>	
	</header>
	<section>
		<div class="container">
			<div class="slider1">
				<div class="col-md-5"></div>
				<div class="col-md-6">
					<p class="row1slider1">CUNG CẤP HƯƠNG LIỆU</p>
				</div>
				<div class="col-md-7"></div>
				<div class="col-md-5">
					<p class="row2slider1">Chiết Xuất Tinh Dầu</p>
					<h3>_____</h3>
				</div>
				<div class="col-md-7"></div>	
				<<div class="col-md-7"></div>
		 		<div id="myCarousel" class="col-md-5 carousel slide" data-ride="carousel">
			   	 <div class="carousel-inner" >
				  	<div class="item active">
				        Golden Frog là công ty sản xuất hương liệu, chiết xuất và tinh dầu hàng đầu tại Việt Nam. Hơn 10 năm qua công ty nỗ lực không ngừng để trở thành người tiên phong trong việc tạo sản phẩm hương liệu “Sản xuất tại Việt Nam”. Trở thành người bạn tin cậy đồng hành cùng sự phát triển của các nhà sản xuất thực phẩm tại Việt Nam. 
				    </div>
			    </div>
			    <div class="button col-md-10">
			    	<span style="color: green;">01/<b>05</b></span>
			    	<span href="#myCarousel" data-slide="prev" id="prev">
				      	<img src="anh/left.jpg">
				    </span>
				    <span href="#myCarousel" data-slide="next" id="next">
				      	<img src="anh/right.jpg"> 
				   </span>
			    </div>		    
  			</div>
		</div>
		<div class="container">
			<div><h3 class="sanpham">___SẢN PHẨM<img src="anh/la.jpg"></h3>	</div>
			<div class="navds" >
				<ul class="navsp">
					<li><a href="#">HƯƠNG TOP NOTES</a></li>
					<li><a href="#">HƯƠNG REACTIONS</a></li>
					<li><a href="#">CHIẾT XUẤT</a></li>
					<li><a href="#">TINH DẦU</a></li>
					<li><a href="#">HƯƠNG THƠM</a></li>
				</ul>
			</div>
		</div>
		<div class="container">
			<div class="slider2">
				<div class="col-sm-4 sp1">
					<img src="anh/sp1.jpg" alt="sp1">
					<p>Chiết xuất : <b>Savory</b></p>
					<p>Mô tả : <b>BBQ,	Roasted, Stewed, Marrow</b></p>
					<p>Loại : <b>Paste/Powder</b></p>
					<p>Thời hạn sử dụng : <b>360 ngày</b></p>
					<p>Thời gian dẫn : <b>10 - 20 ngày làm việc</b></p>
					<form style="margin-left: 100px;"><input type="button" name="" class="btn btn-default" value="Xem thêm" style="color:green;"></form>
				</div>
				<div class="col-sm-4 sp2">
					<img src="anh/sp2.jpg" alt="sp1">
					<p>Chiết xuất : <b>Savory</b></p>
					<p>Mô tả : <b>BBQ,	Roasted, Stewed, Marrow</b></p>
					<p>Loại : <b>Paste/Powder</b></p>
					<p>Thời hạn sử dụng : <b>360 ngày</b></p>
					<p>Thời gian dẫn : <b>10 - 20 ngày làm việc</b></p>		
					<form style="margin-left: 100px;"><input type="button" name="" class="btn btn-default" value="Xem thêm" style="color:green;"></form>
					
				</div>
				<div class="col-sm-4 sp3">
					<img src="anh/sp3.jpg" alt="sp1">
					<p>Chiết xuất : <b>Savory</b></p>
					<p>Mô tả : <b>BBQ,	Roasted, Stewed, Marrow</b></p>
					<p>Loại : <b>Paste/Powder</b></p>
					<p>Thời hạn sử dụng : <b>360 ngày</b></p>
					<p>Thời gian dẫn : <b>10 - 20 ngày làm việc</b></p>
					<form style="margin-left: 100px;"><input type="button" name="" class="btn btn-default" value="Xem thêm" style="color:green;"></form>				
				</div>	
				<div class="col-sm-4 sp3">
					<img src="anh/sp1.jpg" alt="sp1">
					<p>Chiết xuất : <b>Savory</b></p>
					<p>Mô tả : <b>BBQ,	Roasted, Stewed, Marrow</b></p>
					<p>Loại : <b>Paste/Powder</b></p>
					<p>Thời hạn sử dụng : <b>360 ngày</b></p>
					<p>Thời gian dẫn : <b>10 - 20 ngày làm việc</b></p>
					<form style="margin-left: 100px;"><input type="button" name="" class="btn btn-default" value="Xem thêm" style="color:green;"></form>				
				</div>	
				<div class="col-sm-4 sp3">
					<img src="anh/sp2.jpg" alt="sp2">
					<p>Chiết xuất : <b>Savory</b></p>
					<p>Mô tả : <b>BBQ,	Roasted, Stewed, Marrow</b></p>
					<p>Loại : <b>Paste/Powder</b></p>
					<p>Thời hạn sử dụng : <b>360 ngày</b></p>
					<p>Thời gian dẫn : <b>10 - 20 ngày làm việc</b></p>
					<form style="margin-left: 100px;"><input type="button" name="" class="btn btn-default" value="Xem thêm" style="color:green;"></form>				
				</div>	
				<div class="col-sm-4 sp3">
					<img src="anh/sp3.jpg" alt="sp3">
					<p>Chiết xuất : <b>Savory</b></p>
					<p>Mô tả : <b>BBQ,	Roasted, Stewed, Marrow</b></p>
					<p>Loại : <b>Paste/Powder</b></p>
					<p>Thời hạn sử dụng : <b>360 ngày</b></p>
					<p>Thời gian dẫn : <b>10 - 20 ngày làm việc</b></p>
					<form style="margin-left: 100px;"><input type="button" name="" class="btn btn-default" value="Xem thêm" style="color:green;"></form>				
				</div>	
			</div>
		</div>
		<div class="container">
			<div class="whyjoin">
				<div class="txtwhyjoin">
					<h3>___TẠI SAO CHỌN	<span>GOLDEN FORG</span><img src="anh/la.jpg"></h3>
				</div>
				<div class="col-md-6 first">
					<img src="anh/quytrinh.jpg" alt="quytrinh">
					<p>Golden forg là công ty sản xuất hương liệu, chiết xuất và tinh dầu hàng đầu tại Việt Nam. Hơn 10 năm qua công ty nổ lực không ngừng.</p>
				</div>
				<div class="col-md-6 second">
					<img src="anh/dichvu.jpg" alt="quytrinh">
					<p>Golden forg là công ty sản xuất hương liệu, chiết xuất và tinh dầu hàng đầu tại Việt Nam. Hơn 10 năm qua công ty nổ lực không ngừng.</p>
				</div>
				<div class="col-md-6 third">
					<img src="anh/congnghe.jpg" alt="quytrinh">
					<p>Golden forg là công ty sản xuất hương liệu, chiết xuất và tinh dầu hàng đầu tại Việt Nam. Hơn 10 năm qua công ty nổ lực không ngừng.</p>
				</div>
				<div class="col-md-6 fourht">
					<img src="anh/chiphi.jpg" alt="quytrinh">
					<p>Golden forg là công ty sản xuất hương liệu, chiết xuất và tinh dầu hàng đầu tại Việt Nam. Hơn 10 năm qua công ty nổ lực không ngừng.</p>
				</div>
				<div class="col-md-6 blank">
					
				</div>
				<div class="col-md-6">
					
				</div>
			</div>
		</div>	
		<div class="container">
			<div class="news">
				<div class="container txtwhyjoin">
					<h3>___TIN TỨC <img src="anh/la.jpg"></h3>
				</div>
				<div class="col-md-4 news1">
					<img src="anh/news1.jpg" alt="news1">
					<p>Golden forg là công ty sản xuất hương liệu, chiết xuất và tinh dầu hàng đầu tại Việt Nam. Hơn 10 năm qua công ty nổ lực không ngừng.</p>
				</div>
			<div class="col-md-4 news2">
				<img src="anh/news2.jpg" alt="news2">
				<p>Golden forg là công ty sản xuất hương liệu, chiết xuất và tinh dầu hàng đầu tại Việt Nam. Hơn 10 năm qua công ty nổ lực không ngừng.</p>
			</div>
			<div class="col-md-4 news3">
				<img src="anh/news3.jpg" alt="new3">
				<p>Golden forg là công ty sản xuất hương liệu, chiết xuất và tinh dầu hàng đầu tại Việt Nam. Hơn 10 năm qua công ty nổ lực không ngừng.</p>
			</div>
			<div class="container seemore">
				<form ><input type="button" name="" class="btn btn-default" value="Xem thêm" style="color:green;"></form>
			</div>
		</div>
		<div class="container">
			<div class="contact">
				<div class="container tdcontact">
					<h3>___LIÊN LẠC ỚI CHÚNG TÔI <img src="anh/la1.jpg"></h3>
				</div>
				<div class="container line">
					<div class="col-md-2"></div>
					<div class="col-md-4">
						<input type="text" class="txtname" name="txtname" placeholder="Họ Và tên">
					</div>
					<div class="col-md-4">
						<input type="text" class="txtnumber" name="txtnumber" placeholder="Số điện thoại">
					</div>
					<div class="col-md-2"></div>
				</div>
				<div class="container line">
					<div class="col-md-2"></div>
					<div class="col-md-8">
						<input type="text" class="txtemail" name="txtemail" placeholder="Email">
					</div>
					<div class="col-md-2"></div>
				</div>
				<div class="container line">
					<div class="col-md-2"></div>
					<div class="col-md-8">
						<textarea cols="98" rows="5" placeholder="Nội dung liên lạc" class="txtarea"></textarea>
					</div>
					<div class="col-md-2"></div>
				</div>
				<div class="container line">
					<div class="col-md-2"></div>
					<div class="col-md-4">
						<input type="text" class="txtcapcha" name="txtcapcha" placeholder="Capcha">
					</div>
					<div class="col-md-2"> 
						<p class="txtcap">PHCAP</p>
					</div>
					<div class="col-md-4"></div>
				</div>
				<div class="container line">
					<div class="col-md-5"></div>
					<div class="col-md-2">
						<input type="button" name="" class="butgui" value="GỬI" style="color: green;">
					</div>
					<div class="col-md-5"></div>
				</div>
			</div>
		</div>
	</section>
	<footer>
		<div class="container">
			<div class="col-md-3"><p>Coppyright 2017 GOLDEN FORG</p></div>
			<div class="col-md-6"></div>
			<div class="col-md-3">
				<img src="anh/fb.jpg">
			</div>
		</div>
		<div><hr></div>
		<div class="col-md-4">
			<p><b>VĂN PHÒNG CHÍNH(NHÀ MÁY)</b></p>
			<p>_____</p>
			<p>Số 31 Đường số 8, KCN Vietnam Singapore (VSIP), Thuận An, Bình Dương, Việt Nam</p>
			<p>ĐT: (+84) 274 3769 036/ 037/ 038/ 039/ 040</p>
			<p>Fax: (+84) 274 3769041/ 3769052</p>
			<p>Email: <a href="">info@goldenfrog.com.vn</a> </p>
			<p>Website: <a href="">www.goldenfrog.com.vn</a></p>
		</div>
		<div class="col-md-4">
			<p><b>NHÀ MÁY CHIẾT XUẤT TINH DẦU</b></p>
			<p>_____</p>
			<p>Ấp Tân Hòa, xã Tân Hội Đông, huyện Châu Thành, Tiền Giang, Việt Nam.</p>
		</div>
		<div class="col-md-4">
			<p><b>VĂN PHÒNG ĐẠI DIỆN</b></p>
			<p >_____</p>
			<p>P.O.Box 568.17 Yellow City Road, Ameria, New York 12501, USA</p>
			<p>Email: <a href="">director_golden_frog@verizon.net</a></p>
		</div>
	</footer>
</body>
</html>